% This is BARNETT.MAP, character mapping for WNGB series
%
% Copyright 1990 Humanities and Arts Computing Center, University of Washington
%
%Olds := 1;    % old style s
%Oldsl := 2;   % old style sl ligature
%Oldsh := 3;   % old style sh ligature
%Oldst :=4;    % old style st ligature
%Oldss := 5;   % old style ss ligature
hyphen :=45;
openquote := 92;
closequote := 34;
typequote := 29;
Olvs := 24;   % variant old style s
Olvsl :=25;   % variant old style sl ligature
Olvsh := 26;  % variant old style sh ligature
Olvst := 27;  % variant old style st ligature
Olvss := 28;  % variant old style ss ligature
OEg := 218;    %old english g
OEG := 219;    % old english G
odotOEg := 220;    %old english g overdot
odotOEG := 221;    % Old english G overdot
ginsu := 0; % insular g
Ginsu := 16; % insular G
odotginsu := 1; % insular g with dot over
odotGinsu := 17; % insular G with dot over
sOEG := 6;    % square variant Old english G 
odotsOEG := 22;    % variant Old english G overdot
OEt := 3;     %old english t
OEr := 2;     %old english r
OEf := 4;    %old english f
vOEs := 9;   % variant old english s
OEs := 8;    % old english s
hatta := 131;  % a hat
ornga := 134; % a ring over
hatte := 136;  % e hat
hatti := 140;  % i hat
orngA := 143;  % A ring over
ae := 145; % ae ligature
hatto := 147;  % o hat
hattu := 150;  % u hat
umly := 152;  % y umlaut
tsemi := 159; % turned semicolon
acuteu := 163; % u acute
schwa := 166; % schwa
acuteV := 171; % V acute
ibrvG := 173;  % G with inverted breve
lthet := 174; % lowercase theta
acutey := 189; % y acute
ibrev := 190; % inverted breve
ldelta := 191;% lower case delta
macronY := 207; % Y macron
hachc := 208; % c hachek
hachj := 209; % j hachek
odotc := 210; % c dot over
odotC := 211; % C dot over
hachs := 212; % s hachek
odotG := 217; % G dot over
baractY := 239; % Y macron acute
acuteY := 245; % Y acute
baracty := 238; % y macron acute
macronae := 194; % ligature ae with macron
oe := 184; % ligature oe
macronoe := 202; % ligature oe with macron
oslsh := 222; % slash o
thorn := 180; % thorn
Thorn := 181; % Thorn
Wynn := 183;  % Wynn, runic W
wynn := 182;  % wynn, runic w
fWynn := 7;  % variant Wynn, runic W
fwynn := 23;  % variant wynn, runic w
Dcros := 179; % crossed D
urngl := 214; % l ring under
urngn := 215; % n ring under
acuteae := 188;% ligature ae acute
acuteoe := 186;% ligature oe acute
baractae := 226;% ligature ae with macron acute
baractoe := 234;% ligature oe with macron acute
cdilc := 135; % c cedilla
cdilC := 128; % C cedilla
ogone := 247; % e ogonek/polish hook
ogonE := 248; % E ogonek/polish hook
baracta := 224; % a macron with acute
baracte := 228; % e macron with acute
baracti := 230; % i macron with acute
baracto := 232; % o macron with acute
baractu := 236; % u macron with acute
baractA := 225; % A macron with acute
baractE := 229; % E macron with acute
acuteE := 144; % E acute
baractI := 231; % I macron with acute
baractO := 233; % O macron with acute
baractU := 237; % U macron with acute
umla := 132;  % a umlaut
umle := 137;  % e umlaut
umli := 139;  % i umlaut
umlo := 148;  % o umlaut
umlu := 129;  % u umlaut
umlA := 142;  % A umlaut
umlO := 153;  % O umlaut
umlU := 154;  % U umlaut
tildn := 164; % n tilde
urngd := 213; % d ring under
acuteA := 240; % A acute
acuteI := 242; % I acute
acuteO := 243; % O acute
acuteU := 244; % U acute
openo := 158; % open o
eng := 169;   % eng
esh := 170;   % esh
dyogh := 255; % d yogh ligature
Ismal := 155; % small cap I
Usmal := 167; % small cap U
umlUsmal := 168; % small cap U umlaut
lgama := 175; % lower case gamma
lepsi := 156; % lower case epsilon
fata := 157;  % variant a
tfata := 165; % turned variant a
ibrvg := 172;  % g with inverted breve
odotg := 216; % g dot over
eth := 178;   % eth
AE := 146; % ligature AE
acuteAE := 241;% ligature AE acute
baractAE := 227;% ligature AE macron with acute
macronAE := 195;% ligature AE with macron
macrony := 206; % y macron
OE := 185; % ligature OE
acuteOE := 187;% ligature OE acute
baractOE := 235;% ligature OE macron with acute
macronOE := 203;% ligature OE with macron
macrona := 192; % a macron
macronA := 193; % A macron
macrone := 196; % e macron
macronE := 197; % E macron
macroni := 198; % i macron
macronI := 199; % I macron
macrono := 200; % o macron
macronO := 201; % O macron
macronu := 204; % u macron
macronU := 205; % U macron
Yogh := 177;  % Yogh
yogh := 176;  % yogh
gravea := 133; % a grave
acutea := 160; % a acute
gravee := 138; % e grave
acutee := 130; % e acute
gravei := 141; % i grave
acutei := 161; % i acute
graveo := 149; % o grave
acuteo := 162; % o acute
graveu := 151; % u grave
Grave := 18; % grave accent
Acute := 19; %acute accent
Ibreve := 5; %inverted breve accent
Uibreve := 10; %subscript inverted breve
OEamp := 246; % old english ampersand equivalent
cthrn := 249; % crossed thorn = ``that''
cdot := 250;  % dot at bar height
oeper := 253; % therefor
Ring := 251;  % circle accent
Hachek := 20;% Hachek (check) accent
Breve := 21; % breve accent
hat   := 94;  % circumflex accent
underscore:=95; % underbar
left_brace:=125; % left curly brace
right_brace:=127; % right curly brace
Tilde := 126;   % tilde accent
backslash:=30; % backslash
vertical:=31; % vertical line == piping character

