% character encoding mapfile for Washington Puget Salish
% 
% forbidden 128  bad character value in MSwindows, don't use if can be avoided
% forbidden 129  bad character value in MSwindows, don't use if can be avoided
plain.cross_lambda := 134 ;   %  plain cross lambda
plain.cross_Lambda := 135 ;   %  plain cross Lambda
acute.epsil := 136   ;   %  acute epsilon
grave.epsil := 137   ;   %  grave epsilon
ogon.epsil :=  138   ;   %  hook epsilon
acog.epsil :=  139   ;   %  acute hook epsilon
grog.epsil :=  140   ;   %  grave hook epsilon
% forbidden 141  bad character value in MSwindows, don't use if can be avoided
% forbidden 142  bad character value in MSwindows, don't use if can be avoided
% forbidden 143  bad character value in MSwindows, don't use if can be avoided
% forbidden 144  bad character value in MSwindows, don't use if can be avoided
grog.a :=  145       ;   %  acute + ogonek a
grog.e :=  146       ;   %  acute + ogonek e
grog.i :=  147       ;   %  acute + ogonek i
grog.o :=  148       ;   %  acute + ogonek o
grog.u :=  149       ;   %  acute + ogonek u
grog.schwa := 150    ;   %  acute + ogonek schwa
% forbidden 157  bad character value in MSwindows, don't use if can be avoided
% forbidden 158  bad character value in MSwindows, don't use if can be avoided
% nobreakspace 160  reserved character value in MSwindows, don't use if can be avoided
hach.c := 161 ;   %  hachek c
glhc.c := 162 ;   %  glottalic (apostrophe) hachek c
supr.z := 163 ;   %  superior z
plain.schwa := 164 ;   %  plain schwa
hach.j := 165 ;   %  hachek j
gltl.k := 166 ;   %  glottalic apostrophe k
gltl.l := 167 ;   %  glottalic apostrophe l
plain.tildcross_l := 168 ;   %  tilde-crossed l
gltl.cross_lambda := 169 ;   %  glottalic apostrophe cross lambda
gltl.m := 170 ;   %  glottalic apostrophe m
gltl.p := 171 ;   %  glottalic apostrophe p
gltl.q := 172 ;   %  glottalic apostrophe q
hach.s := 173 ;   %  hachek s
gltl.t := 174 ;   %  glottalic apostrophe t
gltl.w := 175 ;   %  glottalic apostrophe w
supr.w := 176 ;   %  superior w
hach.x := 177 ;   %  hachek x
gltl.y := 178 ;   %  glottalic apostrophe y
plain.belted_l := 179 ;   %  plain belted l
plain.glottal_stop := 180 ;   %  plain glottal stop
supr.glottal_stop := 181 ;   %  superior glottal stop
gltl.n := 182 ;   %  glottalic apostrophe n
plain.Root_sign := 183 ;   %  plain Root sign
udot.x := 184 ;   %  underdot x
plain.center_dot := 185 ;   %  plain centered dot
hach.yogh := 186 ;   %  hachek yogh
ubar.a := 187;    % for Quileute
gltl.c := 188 ;   %  glottalic apostrophe c
plain.eng := 189 ;   %  plain eng
plain.crossed_l := 190 ;   %  plain crossed l
udot.k := 191;    % for Quileute
hach.C := 193 ;   %  hachek C
glhc.C := 194 ;   %  glottalic (apostrophe) hachek C
supr.schwa := 195 ;   %  superior schwa
plain.Schwa := 196 ;   %  plain Schwa
hach.J := 197 ;   %  hachek J
gltl.K := 198 ;   %  glottalic apostrophe K
gltl.L := 199 ;   %  glottalic apostrophe L
plain.tildcross_L := 200 ;   %  tilde-crossed L
gltl.cross_Lambda := 201 ;   %  glottalic apostrophe cross Lambda
gltl.M := 202 ;   %  glottalic apostrophe M
gltl.P := 203 ;   %  glottalic apostrophe P
gltl.Q := 204 ;   %  glottalic apostrophe Q
hach.S := 205 ;   %  hachek S
gltl.T := 206 ;   %  glottalic apostrophe T
gltl.W := 207 ;   %  glottalic apostrophe W
plain.open_o := 208 ;   %  plain open o
hach.X := 209 ;   %  hachek X
gltl.Y := 210 ;   %  glottalic apostrophe Y
plain.belted_L := 211 ;   %  plain belted L
plain.Glottal_stop := 212 ;   %  plain Glottal stop
plain.pharyng := 213 ;   %  plain pharengeal
gltl.N := 214 ;   %  glottalic apostrophe N
plain.epsil := 215 ;   %  plain epsilon
udot.X := 216 ;   %  underdot X
plain.repsil := 217 ;   %  reversed epsilon
hach.Yogh := 218 ;   %  hachek Yogh
ubar.A := 219;
gltl.C := 220 ;   %  glottalic apostrophe C
plain.Eng := 221 ;   %  plain Eng
plain.crossed_L := 222 ;   %  plain crossed L
udot.K := 223;     % for Quileute
acute.a := 224 ;   %  acute a
acute.e := 225 ;   %  acute e
acute.i := 226 ;   %  acute i
acute.o := 227 ;   %  acute o
acute.u := 228 ;   %  acute u
acute.schwa := 229 ;   %  acute schwa
grave.a := 230 ;   %  grave a
grave.e := 231 ;   %  grave e
grave.i := 232 ;   %  grave i
grave.o := 233 ;   %  grave o
grave.u := 234 ;   %  grave u
grave.schwa := 235 ;   %  grave schwa
ogon.a := 236 ;   %  ogonek a
ogon.e := 237 ;   %  ogonek e
ogon.i := 238 ;   %  ogonek i
ogon.o := 239 ;   %  ogonek o
ogon.u := 240 ;   %  ogonek u
ogon.schwa := 241 ;   %  ogonek schwa
acog.a := 242 ;   %  acute + ogonek a
acog.e := 243 ;   %  acute + ogonek e
acog.i := 244 ;   %  acute + ogonek i
acog.o := 245 ;   %  acute + ogonek o
acog.u := 246 ;   %  acute + ogonek u
acog.schwa := 247 ;   %  acute + ogonek schwa
ogon.A := 248 ;   %  ogonek A
ogon.E := 249 ;   %  ogonek E
ogon.I := 250 ;   %  ogonek I
ogon.O := 251 ;   %  ogonek O
ogon.U := 252 ;   %  ogonek U
ogon.Schwa := 253 ;   %  ogonek Schwa
plain.Pharyng := 254;
HACClogo := 255;  % our `trademark'. . . many systems can't
