% This is newgb.MAP, new system character mapping for WNGB series
%
% Copyright 1992 Humanities and Arts Computing Center, University of Washington
%
%Olds := 1;    % old style s
%Oldsl := 2;   % old style sl ligature
%Oldsh := 3;   % old style sh ligature
%Oldst :=4;    % old style st ligature
%Oldss := 5;   % old style ss ligature
plain.hyphen :=45;
plain.openquote := 92;
plain.closequote := 34;
plain.typequote := 29;
plain.Olvs := 24;   % variant old style s
plain.Olvsl :=25;   % variant old style sl ligature
plain.Olvsh := 26;  % variant old style sh ligature
plain.Olvst := 27;  % variant old style st ligature
plain.Olvss := 28;  % variant old style ss ligature
plain.OEg := 218;    %old english g
plain.OEG := 219;    % old english G
odot.OEg := 220;    %old english g overdot
odot.OEG := 221;    % Old english G overdot
plain.ginsu := 0; % insular g
plain.Ginsu := 16; % insular G
odot.ginsu := 1; % insular g with dot over
odot.Ginsu := 17; % insular G with dot over
plain.sOEG := 6;    % square variant Old english G 
odot.sOEG := 22;    % variant Old english G overdot
plain.OEt := 3;     %old english t
plain.OEr := 2;     %old english r
plain.OEf := 4;    %old english f
plain.vOEs := 9;   % variant old english s
plain.OEs := 8;    % old english s
hatt.a := 131;  % a hat
orng.a := 134; % a ring over
hatt.e := 136;  % e hat
hatt.i := 140;  % i hat
orng.A := 143;  % A ring over
plain.ae := 145; % ae ligature
hatt.o := 147;  % o hat
hatt.u := 150;  % u hat
uml.y := 152;  % y umlaut
plain.tsemi := 159; % turned semicolon
acute.u := 163; % u acute
plain.schwa := 166; % schwa
acute.V := 171; % V acute
ibrv.G := 173;  % G with inverted breve
plain.lthet := 174; % lowercase theta
acute.y := 189; % y acute
plain.ibrev := 190; % inverted breve
plain.ldelta := 191;% lower case delta
macron.Y := 207; % Y macron
hach.c := 208; % c hachek
hach.j := 209; % j hachek
odot.c := 210; % c dot over
odot.C := 211; % C dot over
hach.s := 212; % s hachek
odot.G := 217; % G dot over
baract.Y := 239; % Y macron acute
acute.Y := 245; % Y acute
baract.y := 238; % y macron acute
macron.ae := 194; % ligature ae with macron
plain.oe := 184; % ligature oe
macron.oe := 202; % ligature oe with macron
plain.oslsh := 222; % slash o
plain.thorn := 180; % thorn
plain.Thorn := 181; % Thorn
plain.Wynn := 183;  % Wynn, runic W
plain.wynn := 182;  % wynn, runic w
plain.fWynn := 7;  % variant Wynn, runic W
plain.fwynn := 23;  % variant wynn, runic w
plain.Dcros := 179; % crossed D
urng.l := 214; % l ring under
urng.n := 215; % n ring under
acute.ae := 188;% ligature ae acute
acute.oe := 186;% ligature oe acute
baract.ae := 226;% ligature ae with macron acute
baract.oe := 234;% ligature oe with macron acute
cdil.c := 135; % c cedilla
cdil.C := 128; % C cedilla
ogon.e := 247; % e ogonek/polish hook
ogon.E := 248; % E ogonek/polish hook
baract.a := 224; % a macron with acute
baract.e := 228; % e macron with acute
baract.i := 230; % i macron with acute
baract.o := 232; % o macron with acute
baract.u := 236; % u macron with acute
baract.A := 225; % A macron with acute
baract.E := 229; % E macron with acute
acute.E := 144; % E acute
baract.I := 231; % I macron with acute
baract.O := 233; % O macron with acute
baract.U := 237; % U macron with acute
uml.a := 132;  % a umlaut
uml.e := 137;  % e umlaut
uml.i := 139;  % i umlaut
uml.o := 148;  % o umlaut
uml.u := 129;  % u umlaut
uml.A := 142;  % A umlaut
uml.O := 153;  % O umlaut
uml.U := 154;  % U umlaut
tild.n := 164; % n tilde
urng.d := 213; % d ring under
acute.A := 240; % A acute
acute.I := 242; % I acute
acute.O := 243; % O acute
acute.U := 244; % U acute
plain.openo := 158; % open o
plain.eng := 169;   % eng
plain.esh := 170;   % esh
plain.dyogh := 255; % d yogh ligature
plain.Ismal := 155; % small cap I
plain.Usmal := 167; % small cap U
uml.Usmal := 168; % small cap U umlaut
plain.lgama := 175; % lower case gamma
plain.lepsi := 156; % lower case epsilon
plain.fata := 157;  % variant a
plain.tfata := 165; % turned variant a
ibrv.g := 172;  % g with inverted breve
odot.g := 216; % g dot over
plain.eth := 178;   % eth
plain.AE := 146; % ligature AE
acute.AE := 241;% ligature AE acute
baract.AE := 227;% ligature AE macron with acute
macron.AE := 195;% ligature AE with macron
macron.y := 206; % y macron
plain.OE := 185; % ligature OE
acute.OE := 187;% ligature OE acute
baract.OE := 235;% ligature OE macron with acute
macron.OE := 203;% ligature OE with macron
macron.a := 192; % a macron
macron.A := 193; % A macron
macron.e := 196; % e macron
macron.E := 197; % E macron
macron.i := 198; % i macron
macron.I := 199; % I macron
macron.o := 200; % o macron
macron.O := 201; % O macron
macron.u := 204; % u macron
macron.U := 205; % U macron
plain.Yogh := 177;  % Yogh
plain.yogh := 176;  % yogh
grave.a := 133; % a grave
acute.a := 160; % a acute
grave.e := 138; % e grave
acute.e := 130; % e acute
grave.i := 141; % i grave
acute.i := 161; % i acute
grave.o := 149; % o grave
acute.o := 162; % o acute
grave.u := 151; % u grave
plain.Grave := 18; % grave accent
plain.Acute := 19; %acute accent
plain.Ibreve := 5; %inverted breve accent
plain.Uibreve := 10; %subscript inverted breve
plain.OEamp := 246; % old english ampersand equivalent
plain.cthrn := 249; % crossed thorn = ``that''
plain.cdot := 250;  % dot at bar height
plain.oeper := 253; % therefor
plain.Ring := 251;  % circle accent
plain.Hachek := 20;% Hachek (check) accent
plain.Breve := 21; % breve accent
plain.hat   := 94;  % circumflex accent
plain.underscore:=95; % underbar
plain.left_brace:=125; % left curly brace
plain.right_brace:=127; % right curly brace
plain.Tilde := 126;   % tilde accent
plain.backslash:=30; % backslash
plain.vertical:=31; % vertical line == piping character
plain.endash:=123;
plain.emdash:=124;
plain.lesser:=60;
plain.greater:=62;

def cp = plain enddef;
