aharonib AharoniCLM-Bold "HE8Encoding ReEncodeFont" <he8.enc <AharoniCLM-Bold.pfb
raharonib AharoniCLM-Bold "HE8Encoding ReEncodeFont" <he8.enc <AharoniCLM-Bold.pfb
aharonibi AharoniCLM-BoldOblique "HE8Encoding ReEncodeFont" <he8.enc <AharoniCLM-BoldOblique.pfb
raharonibi AharoniCLM-BoldOblique "HE8Encoding ReEncodeFont" <he8.enc <AharoniCLM-BoldOblique.pfb
aharoni AharoniCLM-Book "HE8Encoding ReEncodeFont" <he8.enc <AharoniCLM-Book.pfb
raharoni AharoniCLM-Book "HE8Encoding ReEncodeFont" <he8.enc <AharoniCLM-Book.pfb
aharonii AharoniCLM-BookOblique "HE8Encoding ReEncodeFont" <he8.enc <AharoniCLM-BookOblique.pfb
raharonii AharoniCLM-BookOblique "HE8Encoding ReEncodeFont" <he8.enc <AharoniCLM-BookOblique.pfb
caladings CaladingsCLM "HE8Encoding ReEncodeFont" <he8.enc <CaladingsCLM.pfb
rcaladings CaladingsCLM "HE8Encoding ReEncodeFont" <he8.enc <CaladingsCLM.pfb
davidb DavidCLM-Bold "HE8Encoding ReEncodeFont" <he8.enc <DavidCLM-Bold.pfb
rdavidb DavidCLM-Bold "HE8Encoding ReEncodeFont" <he8.enc <DavidCLM-Bold.pfb
david DavidCLM-Medium "HE8Encoding ReEncodeFont" <he8.enc <DavidCLM-Medium.pfb
rdavid DavidCLM-Medium "HE8Encoding ReEncodeFont" <he8.enc <DavidCLM-Medium.pfb
davidi DavidCLM-MediumItalic "HE8Encoding ReEncodeFont" <he8.enc <DavidCLM-MediumItalic.pfb
rdavidi DavidCLM-MediumItalic "HE8Encoding ReEncodeFont" <he8.enc <DavidCLM-MediumItalic.pfb
drugulinb DrugulinCLM-Bold "HE8Encoding ReEncodeFont" <he8.enc <DrugulinCLM-Bold.pfb
rdrugulinb DrugulinCLM-Bold "HE8Encoding ReEncodeFont" <he8.enc <DrugulinCLM-Bold.pfb
drugulinbi DrugulinCLM-BoldItalic "HE8Encoding ReEncodeFont" <he8.enc <DrugulinCLM-BoldItalic.pfb
rdrugulinbi DrugulinCLM-BoldItalic "HE8Encoding ReEncodeFont" <he8.enc <DrugulinCLM-BoldItalic.pfb
elliniab ElliniaCLM-Bold "HE8Encoding ReEncodeFont" <he8.enc <ElliniaCLM-Bold.pfb
relliniab ElliniaCLM-Bold "HE8Encoding ReEncodeFont" <he8.enc <ElliniaCLM-Bold.pfb
elliniabi ElliniaCLM-BoldItalic "HE8Encoding ReEncodeFont" <he8.enc <ElliniaCLM-BoldItalic.pfb
relliniabi ElliniaCLM-BoldItalic "HE8Encoding ReEncodeFont" <he8.enc <ElliniaCLM-BoldItalic.pfb
ellinia ElliniaCLM-Light "HE8Encoding ReEncodeFont" <he8.enc <ElliniaCLM-Light.pfb
rellinia ElliniaCLM-Light "HE8Encoding ReEncodeFont" <he8.enc <ElliniaCLM-Light.pfb
elliniai ElliniaCLM-LightItalic "HE8Encoding ReEncodeFont" <he8.enc <ElliniaCLM-LightItalic.pfb
relliniai ElliniaCLM-LightItalic "HE8Encoding ReEncodeFont" <he8.enc <ElliniaCLM-LightItalic.pfb
frankb FrankRuehlCLM-Bold "HE8Encoding ReEncodeFont" <he8.enc <FrankRuehlCLM-Bold.pfb
rfrankb FrankRuehlCLM-Bold "HE8Encoding ReEncodeFont" <he8.enc <FrankRuehlCLM-Bold.pfb
frankbi FrankRuehlCLM-BoldOblique "HE8Encoding ReEncodeFont" <he8.enc <FrankRuehlCLM-BoldOblique.pfb
rfrankbi FrankRuehlCLM-BoldOblique "HE8Encoding ReEncodeFont" <he8.enc <FrankRuehlCLM-BoldOblique.pfb
frank FrankRuehlCLM-Medium "HE8Encoding ReEncodeFont" <he8.enc <FrankRuehlCLM-Medium.pfb
rfrank FrankRuehlCLM-Medium "HE8Encoding ReEncodeFont" <he8.enc <FrankRuehlCLM-Medium.pfb
franki FrankRuehlCLM-MediumOblique "HE8Encoding ReEncodeFont" <he8.enc <FrankRuehlCLM-MediumOblique.pfb
rfranki FrankRuehlCLM-MediumOblique "HE8Encoding ReEncodeFont" <he8.enc <FrankRuehlCLM-MediumOblique.pfb
yadbi KtavYadCLM-BoldItalic "HE8Encoding ReEncodeFont" <he8.enc <KtavYadCLM-BoldItalic.pfb
ryadbi KtavYadCLM-BoldItalic "HE8Encoding ReEncodeFont" <he8.enc <KtavYadCLM-BoldItalic.pfb
yadi KtavYadCLM-MediumItalic "HE8Encoding ReEncodeFont" <he8.enc <KtavYadCLM-MediumItalic.pfb
ryadi KtavYadCLM-MediumItalic "HE8Encoding ReEncodeFont" <he8.enc <KtavYadCLM-MediumItalic.pfb
miriamb MiriamMonoCLM-Bold "HE8Encoding ReEncodeFont" <he8.enc <MiriamMonoCLM-Bold.pfb
rmiriamb MiriamMonoCLM-Bold "HE8Encoding ReEncodeFont" <he8.enc <MiriamMonoCLM-Bold.pfb
miriambi MiriamMonoCLM-BoldOblique "HE8Encoding ReEncodeFont" <he8.enc <MiriamMonoCLM-BoldOblique.pfb
rmiriambi MiriamMonoCLM-BoldOblique "HE8Encoding ReEncodeFont" <he8.enc <MiriamMonoCLM-BoldOblique.pfb
miriam MiriamMonoCLM-Book "HE8Encoding ReEncodeFont" <he8.enc <MiriamMonoCLM-Book.pfb
rmiriam MiriamMonoCLM-Book "HE8Encoding ReEncodeFont" <he8.enc <MiriamMonoCLM-Book.pfb
miriami MiriamMonoCLM-BookOblique "HE8Encoding ReEncodeFont" <he8.enc <MiriamMonoCLM-BookOblique.pfb
rmiriami MiriamMonoCLM-BookOblique "HE8Encoding ReEncodeFont" <he8.enc <MiriamMonoCLM-BookOblique.pfb
nachlielib NachlieliCLM-Bold "HE8Encoding ReEncodeFont" <he8.enc <NachlieliCLM-Bold.pfb
rnachlielib NachlieliCLM-Bold "HE8Encoding ReEncodeFont" <he8.enc <NachlieliCLM-Bold.pfb
nachlielibi NachlieliCLM-BoldOblique "HE8Encoding ReEncodeFont" <he8.enc <NachlieliCLM-BoldOblique.pfb
rnachlielibi NachlieliCLM-BoldOblique "HE8Encoding ReEncodeFont" <he8.enc <NachlieliCLM-BoldOblique.pfb
nachlieli NachlieliCLM-Light "HE8Encoding ReEncodeFont" <he8.enc <NachlieliCLM-Light.pfb
rnachlieli NachlieliCLM-Light "HE8Encoding ReEncodeFont" <he8.enc <NachlieliCLM-Light.pfb
nachlielii NachlieliCLM-LightOblique "HE8Encoding ReEncodeFont" <he8.enc <NachlieliCLM-LightOblique.pfb
rnachlielii NachlieliCLM-LightOblique "HE8Encoding ReEncodeFont" <he8.enc <NachlieliCLM-LightOblique.pfb
yehuda YehudaCLM-Light "HE8Encoding ReEncodeFont" <he8.enc <YehudaCLM-Light.pfb
ryehuda YehudaCLM-Light "HE8Encoding ReEncodeFont" <he8.enc <YehudaCLM-Light.pfb
yehudab YehudaCLM-Bold "HE8Encoding ReEncodeFont" <he8.enc <YehudaCLM-Bold.pfb
ryehudab YehudaCLM-Bold "HE8Encoding ReEncodeFont" <he8.enc <YehudaCLM-Bold.pfb
frankClmNkdb FrankRuehlCLM-Bold-Menukad "HE8Encoding ReEncodeFont" <he8.enc <<FrankRuehlCLM-Bold-Menukad.t3 <FrankRuehlCLM-Bold.pfb
rfrankClmNkdb FrankRuehlCLM-Bold-Menukad "HE8Encoding ReEncodeFont" <he8.enc <<FrankRuehlCLM-Bold-Menukad.t3 <FrankRuehlCLM-Bold.pfb
frankClmNkdbi FrankRuehlCLM-BoldOblique-Menukad "HE8Encoding ReEncodeFont" <he8.enc <<FrankRuehlCLM-BoldOblique-Menukad.t3 <FrankRuehlCLM-BoldOblique.pfb
rfrankClmNkdbi FrankRuehlCLM-BoldOblique-Menukad "HE8Encoding ReEncodeFont" <he8.enc <<FrankRuehlCLM-BoldOblique-Menukad.t3 <FrankRuehlCLM-BoldOblique.pfb
frankClmNkd FrankRuehlCLM-Medium-Menukad "HE8Encoding ReEncodeFont" <he8.enc <<FrankRuehlCLM-Medium-Menukad.t3 <FrankRuehlCLM-Medium.pfb
rfrankClmNkd FrankRuehlCLM-Medium-Menukad "HE8Encoding ReEncodeFont" <he8.enc <<FrankRuehlCLM-Medium-Menukad.t3 <FrankRuehlCLM-Medium.pfb
frankClmNkdi FrankRuehlCLM-MediumOblique-Menukad "HE8Encoding ReEncodeFont" <he8.enc <<FrankRuehlCLM-MediumOblique-Menukad.t3 <FrankRuehlCLM-MediumOblique.pfb
rfrankClmNkdi FrankRuehlCLM-MediumOblique-Menukad "HE8Encoding ReEncodeFont" <he8.enc <<FrankRuehlCLM-MediumOblique-Menukad.t3 <FrankRuehlCLM-MediumOblique.pfb
miriamClmNkdb MiriamMonoCLM-Bold-Menukad "HE8Encoding ReEncodeFont" <he8.enc <<MiriamMonoCLM-Bold-Menukad.t3 <MiriamMonoCLM-Bold.pfb
rmiriamClmNkdb MiriamMonoCLM-Bold-Menukad "HE8Encoding ReEncodeFont" <he8.enc <<MiriamMonoCLM-Bold-Menukad.t3 <MiriamMonoCLM-Bold.pfb
miriamClmNkdbi MiriamMonoCLM-BoldOblique-Menukad "HE8Encoding ReEncodeFont" <he8.enc <<MiriamMonoCLM-BoldOblique-Menukad.t3 <MiriamMonoCLM-BoldOblique.pfb
rmiriamClmNkdbi MiriamMonoCLM-BoldOblique-Menukad "HE8Encoding ReEncodeFont" <he8.enc <<MiriamMonoCLM-BoldOblique-Menukad.t3 <MiriamMonoCLM-BoldOblique.pfb
miriamClmNkd MiriamMonoCLM-Book-Menukad "HE8Encoding ReEncodeFont" <he8.enc <<MiriamMonoCLM-Book-Menukad.t3 <MiriamMonoCLM-Book.pfb
rmiriamClmNkd MiriamMonoCLM-Book-Menukad "HE8Encoding ReEncodeFont" <he8.enc <<MiriamMonoCLM-Book-Menukad.t3 <MiriamMonoCLM-Book.pfb
miriamClmNkdi MiriamMonoCLM-BookOblique-Menukad "HE8Encoding ReEncodeFont" <he8.enc <<MiriamMonoCLM-BookOblique-Menukad.t3 <MiriamMonoCLM-BookOblique.pfb
rmiriamClmNkdi MiriamMonoCLM-BookOblique-Menukad "HE8Encoding ReEncodeFont" <he8.enc <<MiriamMonoCLM-BookOblique-Menukad.t3 <MiriamMonoCLM-BookOblique.pfb
nachlieliClmNkdb NachlieliCLM-Bold-Menukad "HE8Encoding ReEncodeFont" <he8.enc <<NachlieliCLM-Bold-Menukad.t3 <NachlieliCLM-Bold.pfb
rnachlieliClmNkdb NachlieliCLM-Bold-Menukad "HE8Encoding ReEncodeFont" <he8.enc <<NachlieliCLM-Bold-Menukad.t3 <NachlieliCLM-Bold.pfb
nachlieliClmNkdbi NachlieliCLM-BoldOblique-Menukad "HE8Encoding ReEncodeFont" <he8.enc <<NachlieliCLM-BoldOblique-Menukad.t3 <NachlieliCLM-BoldOblique.pfb
rnachlieliClmNkdbi NachlieliCLM-BoldOblique-Menukad "HE8Encoding ReEncodeFont" <he8.enc <<NachlieliCLM-BoldOblique-Menukad.t3 <NachlieliCLM-BoldOblique.pfb
nachlieliClmNkd NachlieliCLM-Light-Menukad "HE8Encoding ReEncodeFont" <he8.enc <<NachlieliCLM-Light-Menukad.t3 <NachlieliCLM-Light.pfb
rnachlieliClmNkd NachlieliCLM-Light-Menukad "HE8Encoding ReEncodeFont" <he8.enc <<NachlieliCLM-Light-Menukad.t3 <NachlieliCLM-Light.pfb
nachlieliClmNkdi NachlieliCLM-LightOblique-Menukad "HE8Encoding ReEncodeFont" <he8.enc <<NachlieliCLM-LightOblique-Menukad.t3 <NachlieliCLM-LightOblique.pfb
rnachlieliClmNkdi NachlieliCLM-LightOblique-Menukad "HE8Encoding ReEncodeFont" <he8.enc <<NachlieliCLM-LightOblique-Menukad.t3 <NachlieliCLM-LightOblique.pfb
