aharonib-new AharoniCLM-Bold "NewHE8Encoding ReEncodeFont" <nhe8.enc <AharoniCLM-Bold.pfb
raharonib-new AharoniCLM-Bold "NewHE8Encoding ReEncodeFont" <nhe8.enc <AharoniCLM-Bold.pfb
aharonibi-new AharoniCLM-BoldOblique "NewHE8Encoding ReEncodeFont" <nhe8.enc <AharoniCLM-BoldOblique.pfb
raharonibi-new AharoniCLM-BoldOblique "NewHE8Encoding ReEncodeFont" <nhe8.enc <AharoniCLM-BoldOblique.pfb
aharoni-new AharoniCLM-Book "NewHE8Encoding ReEncodeFont" <nhe8.enc <AharoniCLM-Book.pfb
raharoni-new AharoniCLM-Book "NewHE8Encoding ReEncodeFont" <nhe8.enc <AharoniCLM-Book.pfb
aharonii-new AharoniCLM-BookOblique "NewHE8Encoding ReEncodeFont" <nhe8.enc <AharoniCLM-BookOblique.pfb
raharonii-new AharoniCLM-BookOblique "NewHE8Encoding ReEncodeFont" <nhe8.enc <AharoniCLM-BookOblique.pfb
caladings-new CaladingsCLM "NewHE8Encoding ReEncodeFont" <nhe8.enc <CaladingsCLM.pfb
rcaladings-new CaladingsCLM "NewHE8Encoding ReEncodeFont" <nhe8.enc <CaladingsCLM.pfb
davidb-new DavidCLM-Bold "NewHE8Encoding ReEncodeFont" <nhe8.enc <DavidCLM-Bold.pfb
rdavidb-new DavidCLM-Bold "NewHE8Encoding ReEncodeFont" <nhe8.enc <DavidCLM-Bold.pfb
david-new DavidCLM-Medium "NewHE8Encoding ReEncodeFont" <nhe8.enc <DavidCLM-Medium.pfb
rdavid-new DavidCLM-Medium "NewHE8Encoding ReEncodeFont" <nhe8.enc <DavidCLM-Medium.pfb
davidi-new DavidCLM-MediumItalic "NewHE8Encoding ReEncodeFont" <nhe8.enc <DavidCLM-MediumItalic.pfb
rdavidi-new DavidCLM-MediumItalic "NewHE8Encoding ReEncodeFont" <nhe8.enc <DavidCLM-MediumItalic.pfb
davidbi-new DavidCLM-BoldItalic "NewHE8Encoding ReEncodeFont" <nhe8.enc <DavidCLM-BoldItalic.pfb
rdavidbi-new DavidCLM-BoldItalic "NewHE8Encoding ReEncodeFont" <nhe8.enc <DavidCLM-BoldItalic.pfb
drugulinb-new DrugulinCLM-Bold "NewHE8Encoding ReEncodeFont" <nhe8.enc <DrugulinCLM-Bold.pfb
rdrugulinb-new DrugulinCLM-Bold "NewHE8Encoding ReEncodeFont" <nhe8.enc <DrugulinCLM-Bold.pfb
drugulinbi-new DrugulinCLM-BoldItalic "NewHE8Encoding ReEncodeFont" <nhe8.enc <DrugulinCLM-BoldItalic.pfb
rdrugulinbi-new DrugulinCLM-BoldItalic "NewHE8Encoding ReEncodeFont" <nhe8.enc <DrugulinCLM-BoldItalic.pfb
elliniab-new ElliniaCLM-Bold "NewHE8Encoding ReEncodeFont" <nhe8.enc <ElliniaCLM-Bold.pfb
relliniab-new ElliniaCLM-Bold "NewHE8Encoding ReEncodeFont" <nhe8.enc <ElliniaCLM-Bold.pfb
elliniabi-new ElliniaCLM-BoldItalic "NewHE8Encoding ReEncodeFont" <nhe8.enc <ElliniaCLM-BoldItalic.pfb
relliniabi-new ElliniaCLM-BoldItalic "NewHE8Encoding ReEncodeFont" <nhe8.enc <ElliniaCLM-BoldItalic.pfb
ellinia-new ElliniaCLM-Light "NewHE8Encoding ReEncodeFont" <nhe8.enc <ElliniaCLM-Light.pfb
rellinia-new ElliniaCLM-Light "NewHE8Encoding ReEncodeFont" <nhe8.enc <ElliniaCLM-Light.pfb
elliniai-new ElliniaCLM-LightItalic "NewHE8Encoding ReEncodeFont" <nhe8.enc <ElliniaCLM-LightItalic.pfb
relliniai-new ElliniaCLM-LightItalic "NewHE8Encoding ReEncodeFont" <nhe8.enc <ElliniaCLM-LightItalic.pfb
frankb-new FrankRuehlCLM-Bold "NewHE8Encoding ReEncodeFont" <nhe8.enc <FrankRuehlCLM-Bold.pfb
rfrankb-new FrankRuehlCLM-Bold "NewHE8Encoding ReEncodeFont" <nhe8.enc <FrankRuehlCLM-Bold.pfb
frankbi-new FrankRuehlCLM-BoldOblique "NewHE8Encoding ReEncodeFont" <nhe8.enc <FrankRuehlCLM-BoldOblique.pfb
rfrankbi-new FrankRuehlCLM-BoldOblique "NewHE8Encoding ReEncodeFont" <nhe8.enc <FrankRuehlCLM-BoldOblique.pfb
frank-new FrankRuehlCLM-Medium "NewHE8Encoding ReEncodeFont" <nhe8.enc <FrankRuehlCLM-Medium.pfb
rfrank-new FrankRuehlCLM-Medium "NewHE8Encoding ReEncodeFont" <nhe8.enc <FrankRuehlCLM-Medium.pfb
franki-new FrankRuehlCLM-MediumOblique "NewHE8Encoding ReEncodeFont" <nhe8.enc <FrankRuehlCLM-MediumOblique.pfb
rfranki-new FrankRuehlCLM-MediumOblique "NewHE8Encoding ReEncodeFont" <nhe8.enc <FrankRuehlCLM-MediumOblique.pfb
yadbi-new KtavYadCLM-BoldItalic "NewHE8Encoding ReEncodeFont" <nhe8.enc <KtavYadCLM-BoldItalic.pfb
ryadbi-new KtavYadCLM-BoldItalic "NewHE8Encoding ReEncodeFont" <nhe8.enc <KtavYadCLM-BoldItalic.pfb
yadi-new KtavYadCLM-MediumItalic "NewHE8Encoding ReEncodeFont" <nhe8.enc <KtavYadCLM-MediumItalic.pfb
ryadi-new KtavYadCLM-MediumItalic "NewHE8Encoding ReEncodeFont" <nhe8.enc <KtavYadCLM-MediumItalic.pfb
miriamb-new MiriamMonoCLM-Bold "NewHE8Encoding ReEncodeFont" <nhe8.enc <MiriamMonoCLM-Bold.pfb
rmiriamb-new MiriamMonoCLM-Bold "NewHE8Encoding ReEncodeFont" <nhe8.enc <MiriamMonoCLM-Bold.pfb
miriambi-new MiriamMonoCLM-BoldOblique "NewHE8Encoding ReEncodeFont" <nhe8.enc <MiriamMonoCLM-BoldOblique.pfb
rmiriambi-new MiriamMonoCLM-BoldOblique "NewHE8Encoding ReEncodeFont" <nhe8.enc <MiriamMonoCLM-BoldOblique.pfb
miriam-new MiriamMonoCLM-Book "NewHE8Encoding ReEncodeFont" <nhe8.enc <MiriamMonoCLM-Book.pfb
rmiriam-new MiriamMonoCLM-Book "NewHE8Encoding ReEncodeFont" <nhe8.enc <MiriamMonoCLM-Book.pfb
miriami-new MiriamMonoCLM-BookOblique "NewHE8Encoding ReEncodeFont" <nhe8.enc <MiriamMonoCLM-BookOblique.pfb
rmiriami-new MiriamMonoCLM-BookOblique "NewHE8Encoding ReEncodeFont" <nhe8.enc <MiriamMonoCLM-BookOblique.pfb
nachlielib-new NachlieliCLM-Bold "NewHE8Encoding ReEncodeFont" <nhe8.enc <NachlieliCLM-Bold.pfb
rnachlielib-new NachlieliCLM-Bold "NewHE8Encoding ReEncodeFont" <nhe8.enc <NachlieliCLM-Bold.pfb
nachlielibi-new NachlieliCLM-BoldOblique "NewHE8Encoding ReEncodeFont" <nhe8.enc <NachlieliCLM-BoldOblique.pfb
rnachlielibi-new NachlieliCLM-BoldOblique "NewHE8Encoding ReEncodeFont" <nhe8.enc <NachlieliCLM-BoldOblique.pfb
nachlieli-new NachlieliCLM-Light "NewHE8Encoding ReEncodeFont" <nhe8.enc <NachlieliCLM-Light.pfb
rnachlieli-new NachlieliCLM-Light "NewHE8Encoding ReEncodeFont" <nhe8.enc <NachlieliCLM-Light.pfb
nachlielii-new NachlieliCLM-LightOblique "NewHE8Encoding ReEncodeFont" <nhe8.enc <NachlieliCLM-LightOblique.pfb
rnachlielii-new NachlieliCLM-LightOblique "NewHE8Encoding ReEncodeFont" <nhe8.enc <NachlieliCLM-LightOblique.pfb
yehuda-new YehudaCLM-Light "NewHE8Encoding ReEncodeFont" <nhe8.enc <YehudaCLM-Light.pfb
ryehuda-new YehudaCLM-Light "NewHE8Encoding ReEncodeFont" <nhe8.enc <YehudaCLM-Light.pfb
yehudab-new YehudaCLM-Bold "NewHE8Encoding ReEncodeFont" <nhe8.enc <YehudaCLM-Bold.pfb
ryehudab-new YehudaCLM-Bold "NewHE8Encoding ReEncodeFont" <nhe8.enc <YehudaCLM-Bold.pfb
